
========================================
  BACKEND API TEST SUITE
========================================

[TEST 1] Register Admin User (admin_0116@test.com)...
  PASS: Admin registered => admin_0116@test.com (id: 11)
[TEST 2] Register Member User (member_0116@test.com)...
  PASS: Member registered => member_0116@test.com (id: 12)
[TEST 3] Login Admin...
  PASS: Admin logged in, JWT received
[TEST 4] Login Member...
  PASS: Member logged in, JWT received
[TEST 5] Admin creates Restaurant...
  PASS: Restaurant created => Burger Joint 0116 (id: 4)
[TEST 6] Member tries to create Restaurant (should be denied)...
  PASS: Member correctly denied (Role Guard working)
[TEST 7] Admin adds Menu Items...
  PASS: Item 1 => Classic Burger @ $9.99
  PASS: Item 2 => Fries @ $3.99
[TEST 8] Fetch all Restaurants...
  PASS: Found 4 restaurant(s)
[TEST 9] Member creates Order...
  PASS: Order created (id: 4), total: $23.97, status: CREATED
[TEST 10] Member views My Orders...
  PASS: Member has 1 order(s)
[TEST 11] Admin views All Orders...
  PASS: Admin sees 4 total order(s)
[TEST 12] Admin updates Order Status to PAID...
  PASS: Order status updated to PAID
[TEST 13] Member adds Payment Method...
  PASS: Payment method => Visa Card via Stripe
[TEST 14] Member views Payment Methods...
  PASS: Member has 1 payment method(s)
[TEST 15] Member cancels their Order...
  PASS: Order cancelled successfully
[TEST 16] Unauthenticated request (should be denied)...
  PASS: Unauthenticated request correctly denied

========================================
  ALL 16 TESTS COMPLETED
========================================

